Build started 14-11-2024 19:35:13.
     1>Project "C:\Users\HP NOTEBOOK\Desktop\244101037_mouse_training_module\244101037_mouse_training_module\244101037_mouse_training_module.vcxproj" on node 2 (build target(s)).
     1>InitializeBuildStatus:
         Creating "Debug\244101037_mouse_training_module.unsuccessfulbuild" because "AlwaysCreate" was specified.
       ClCompile:
         All outputs are up-to-date.
         C:\Program Files (x86)\Microsoft Visual Studio 10.0\VC\bin\CL.exe /c /ZI /nologo /W3 /WX- /Od /Oy- /D WIN32 /D _DEBUG /D _CONSOLE /D _UNICODE /D UNICODE /Gm /EHsc /RTC1 /MDd /GS /fp:precise /Zc:wchar_t /Zc:forScope /Yu"StdAfx.h" /Fp"Debug\244101037_mouse_training_module.pch" /Fo"Debug\\" /Fd"Debug\vc100.pdb" /Gd /TP /analyze- /errorReport:prompt 244101037_mouse_training_module.cpp
         244101037_mouse_training_module.cpp
     1>c:\users\hp notebook\desktop\244101037_mouse_training_module\244101037_mouse_training_module\244101037_mouse_training_module.cpp(49): warning C4996: 'fopen': This function or variable may be unsafe. Consider using fopen_s instead. To disable deprecation, use _CRT_SECURE_NO_WARNINGS. See online help for details.
                 c:\program files (x86)\microsoft visual studio 10.0\vc\include\stdio.h(234) : see declaration of 'fopen'
     1>c:\users\hp notebook\desktop\244101037_mouse_training_module\244101037_mouse_training_module\244101037_mouse_training_module.cpp(59): warning C4996: 'fscanf': This function or variable may be unsafe. Consider using fscanf_s instead. To disable deprecation, use _CRT_SECURE_NO_WARNINGS. See online help for details.
                 c:\program files (x86)\microsoft visual studio 10.0\vc\include\stdio.h(253) : see declaration of 'fscanf'
     1>c:\users\hp notebook\desktop\244101037_mouse_training_module\244101037_mouse_training_module\244101037_mouse_training_module.cpp(84): warning C4996: 'fscanf': This function or variable may be unsafe. Consider using fscanf_s instead. To disable deprecation, use _CRT_SECURE_NO_WARNINGS. See online help for details.
                 c:\program files (x86)\microsoft visual studio 10.0\vc\include\stdio.h(253) : see declaration of 'fscanf'
     1>c:\users\hp notebook\desktop\244101037_mouse_training_module\244101037_mouse_training_module\244101037_mouse_training_module.cpp(203): warning C4996: 'sprintf': This function or variable may be unsafe. Consider using sprintf_s instead. To disable deprecation, use _CRT_SECURE_NO_WARNINGS. See online help for details.
                 c:\program files (x86)\microsoft visual studio 10.0\vc\include\stdio.h(371) : see declaration of 'sprintf'
     1>c:\users\hp notebook\desktop\244101037_mouse_training_module\244101037_mouse_training_module\244101037_mouse_training_module.cpp(421): warning C4996: 'fopen': This function or variable may be unsafe. Consider using fopen_s instead. To disable deprecation, use _CRT_SECURE_NO_WARNINGS. See online help for details.
                 c:\program files (x86)\microsoft visual studio 10.0\vc\include\stdio.h(234) : see declaration of 'fopen'
     1>c:\users\hp notebook\desktop\244101037_mouse_training_module\244101037_mouse_training_module\244101037_mouse_training_module.cpp(511): warning C4996: 'fopen': This function or variable may be unsafe. Consider using fopen_s instead. To disable deprecation, use _CRT_SECURE_NO_WARNINGS. See online help for details.
                 c:\program files (x86)\microsoft visual studio 10.0\vc\include\stdio.h(234) : see declaration of 'fopen'
     1>c:\users\hp notebook\desktop\244101037_mouse_training_module\244101037_mouse_training_module\244101037_mouse_training_module.cpp(514): warning C4996: 'fscanf': This function or variable may be unsafe. Consider using fscanf_s instead. To disable deprecation, use _CRT_SECURE_NO_WARNINGS. See online help for details.
                 c:\program files (x86)\microsoft visual studio 10.0\vc\include\stdio.h(253) : see declaration of 'fscanf'
     1>c:\users\hp notebook\desktop\244101037_mouse_training_module\244101037_mouse_training_module\244101037_mouse_training_module.cpp(521): warning C4996: 'fopen': This function or variable may be unsafe. Consider using fopen_s instead. To disable deprecation, use _CRT_SECURE_NO_WARNINGS. See online help for details.
                 c:\program files (x86)\microsoft visual studio 10.0\vc\include\stdio.h(234) : see declaration of 'fopen'
     1>c:\users\hp notebook\desktop\244101037_mouse_training_module\244101037_mouse_training_module\244101037_mouse_training_module.cpp(524): warning C4996: 'fscanf': This function or variable may be unsafe. Consider using fscanf_s instead. To disable deprecation, use _CRT_SECURE_NO_WARNINGS. See online help for details.
                 c:\program files (x86)\microsoft visual studio 10.0\vc\include\stdio.h(253) : see declaration of 'fscanf'
     1>c:\users\hp notebook\desktop\244101037_mouse_training_module\244101037_mouse_training_module\244101037_mouse_training_module.cpp(530): warning C4996: 'fopen': This function or variable may be unsafe. Consider using fopen_s instead. To disable deprecation, use _CRT_SECURE_NO_WARNINGS. See online help for details.
                 c:\program files (x86)\microsoft visual studio 10.0\vc\include\stdio.h(234) : see declaration of 'fopen'
     1>c:\users\hp notebook\desktop\244101037_mouse_training_module\244101037_mouse_training_module\244101037_mouse_training_module.cpp(532): warning C4996: 'fscanf': This function or variable may be unsafe. Consider using fscanf_s instead. To disable deprecation, use _CRT_SECURE_NO_WARNINGS. See online help for details.
                 c:\program files (x86)\microsoft visual studio 10.0\vc\include\stdio.h(253) : see declaration of 'fscanf'
     1>c:\users\hp notebook\desktop\244101037_mouse_training_module\244101037_mouse_training_module\244101037_mouse_training_module.cpp(625): warning C4996: 'sprintf': This function or variable may be unsafe. Consider using sprintf_s instead. To disable deprecation, use _CRT_SECURE_NO_WARNINGS. See online help for details.
                 c:\program files (x86)\microsoft visual studio 10.0\vc\include\stdio.h(371) : see declaration of 'sprintf'
     1>c:\users\hp notebook\desktop\244101037_mouse_training_module\244101037_mouse_training_module\244101037_mouse_training_module.cpp(626): warning C4996: 'fopen': This function or variable may be unsafe. Consider using fopen_s instead. To disable deprecation, use _CRT_SECURE_NO_WARNINGS. See online help for details.
                 c:\program files (x86)\microsoft visual studio 10.0\vc\include\stdio.h(234) : see declaration of 'fopen'
       ManifestResourceCompile:
         All outputs are up-to-date.
       Link:
         C:\Program Files (x86)\Microsoft Visual Studio 10.0\VC\bin\link.exe /ERRORREPORT:PROMPT /OUT:"C:\Users\HP NOTEBOOK\Desktop\244101037_mouse_training_module\Debug\244101037_mouse_training_module.exe" /INCREMENTAL /NOLOGO kernel32.lib user32.lib gdi32.lib winspool.lib comdlg32.lib advapi32.lib shell32.lib ole32.lib oleaut32.lib uuid.lib odbc32.lib odbccp32.lib /MANIFEST /ManifestFile:"Debug\244101037_mouse_training_module.exe.intermediate.manifest" /MANIFESTUAC:"level='asInvoker' uiAccess='false'" /DEBUG /PDB:"C:\Users\HP NOTEBOOK\Desktop\244101037_mouse_training_module\Debug\244101037_mouse_training_module.pdb" /SUBSYSTEM:CONSOLE /TLBID:1 /DYNAMICBASE /NXCOMPAT /IMPLIB:"C:\Users\HP NOTEBOOK\Desktop\244101037_mouse_training_module\Debug\244101037_mouse_training_module.lib" /MACHINE:X86 Debug\244101037_mouse_training_module.exe.embed.manifest.res
         Debug\244101037_mouse_training_module.obj
         Debug\stdafx.obj
       Manifest:
         C:\Program Files (x86)\Microsoft SDKs\Windows\v7.0A\bin\mt.exe /nologo /verbose /out:"Debug\244101037_mouse_training_module.exe.embed.manifest" /manifest Debug\244101037_mouse_training_module.exe.intermediate.manifest
         All outputs are up-to-date.
       LinkEmbedManifest:
         All outputs are up-to-date.
         244101037_mouse_training_module.vcxproj -> C:\Users\HP NOTEBOOK\Desktop\244101037_mouse_training_module\Debug\244101037_mouse_training_module.exe
       FinalizeBuildStatus:
         Deleting file "Debug\244101037_mouse_training_module.unsuccessfulbuild".
         Touching "Debug\244101037_mouse_training_module.lastbuildstate".
     1>Done Building Project "C:\Users\HP NOTEBOOK\Desktop\244101037_mouse_training_module\244101037_mouse_training_module\244101037_mouse_training_module.vcxproj" (build target(s)).

Build succeeded.

Time Elapsed 00:00:01.08
